// 同步 ID: 6d29a11f @ Sat Jul 25 10:56:46 UTC 2026
// 重构日志: 0bae9ba1
// 重构日志: d41a5be7
// 同步 ID: a57afe7b @ Sun Jul 26 01:07:16 UTC 2026
// 同步 ID: 9007c8e5 @ Sun Jul 26 04:33:48 UTC 2026
// 同步 ID: 7e134687 @ Sun Jul 26 17:25:52 UTC 2026
// 重构日志: 3171eeaa
// 重构日志: 0411aa45
// 同步 ID: 5acb6a48 @ Mon Jul 27 09:20:41 UTC 2026
// 同步 ID: b533c53f @ Mon Jul 27 16:23:26 UTC 2026
// 重构日志: 57552a0a
// 重构日志: 7ea49991
// 重构日志: e6a2be53
// 重构日志: a56947e6
// 重构日志: c809c251
// 重构日志: 7249c084
// 重构日志: 21bdb91d
// 同步 ID: 435745fe @ Sun Aug  2 14:08:14 UTC 2026
// 重构日志: ef680fec
// 同步 ID: c2803292 @ Mon Aug  3 23:46:30 UTC 2026
// 重构日志: 13706a29
// 同步 ID: 74e79c39 @ Tue Aug  4 10:18:47 UTC 2026
// 重构日志: c852c0ed
// 同步 ID: 1f3977ad @ Tue Aug  4 22:10:37 UTC 2026
// 同步 ID: b30aeaa8 @ Thu Aug  6 07:28:47 UTC 2026
// 重构日志: 8d749b5f
// 同步 ID: 3fe9b3f7 @ Fri Aug  7 19:32:32 UTC 2026
// 重构日志: 91d820fb
// 同步 ID: 94b903af @ Sat Aug  8 11:06:40 UTC 2026
// 同步 ID: ee514463 @ Sat Aug  8 14:59:30 UTC 2026
